[GPS.OTHERS.GTK+] GdkPixbuf-MISC: gdk_pixbuf_from_pixdata() called on:
[GPS.OTHERS.GTK+] GdkPixbuf-MISC: 	Encoding raw
[GPS.OTHERS.GTK+] GdkPixbuf-MISC: 	Dimensions: 14 x 14
[GPS.OTHERS.GTK+] GdkPixbuf-MISC: 	Rowstride: 56, Length: 808
[GPS.OTHERS.GTK+] GdkPixbuf-MISC: 	Copy pixels == false
[GPS.OTHERS.GTK+] GdkPixbuf-MISC: gdk_pixbuf_from_pixdata() called on:
[GPS.OTHERS.GTK+] GdkPixbuf-MISC: 	Encoding raw
[GPS.OTHERS.GTK+] GdkPixbuf-MISC: 	Dimensions: 14 x 14
[GPS.OTHERS.GTK+] GdkPixbuf-MISC: 	Rowstride: 56, Length: 808
[GPS.OTHERS.GTK+] GdkPixbuf-MISC: 	Copy pixels == false
[GPS.OTHERS.GTK+] GdkPixbuf-MISC: gdk_pixbuf_from_pixdata() called on:
[GPS.OTHERS.GTK+] GdkPixbuf-MISC: 	Encoding raw
[GPS.OTHERS.GTK+] GdkPixbuf-MISC: 	Dimensions: 14 x 14
[GPS.OTHERS.GTK+] GdkPixbuf-MISC: 	Rowstride: 56, Length: 808
[GPS.OTHERS.GTK+] GdkPixbuf-MISC: 	Copy pixels == false
[GPS.OTHERS.GTK+] GdkPixbuf-MISC: gdk_pixbuf_from_pixdata() called on:
[GPS.OTHERS.GTK+] GdkPixbuf-MISC: 	Encoding raw
[GPS.OTHERS.GTK+] GdkPixbuf-MISC: 	Dimensions: 14 x 14
[GPS.OTHERS.GTK+] GdkPixbuf-MISC: 	Rowstride: 56, Length: 808
[GPS.OTHERS.GTK+] GdkPixbuf-MISC: 	Copy pixels == false
[GPS.OTHERS.GTK+] GdkPixbuf-MISC: gdk_pixbuf_from_pixdata() called on:
[GPS.OTHERS.GTK+] GdkPixbuf-MISC: 	Encoding raw
[GPS.OTHERS.GTK+] GdkPixbuf-MISC: 	Dimensions: 14 x 14
[GPS.OTHERS.GTK+] GdkPixbuf-MISC: 	Rowstride: 56, Length: 808
[GPS.OTHERS.GTK+] GdkPixbuf-MISC: 	Copy pixels == false
